// Jest Snapshot v1, https://goo.gl/fbAQLP

exports[`Product component should render properly 1`] = `
<div
  id="search-results"
>
  <div
    id="product-list"
  />
</div>
`;
